<?xml version="1.0" encoding="UTF-8"?>
<testng-results ignored="0" total="4" passed="4" failed="0" skipped="0">
  <reporter-output>
  </reporter-output>
  <suite started-at="2024-02-20T21:12:25 IST" name="Gradle suite" finished-at="2024-02-20T21:12:40 IST" duration-ms="15417">
    <groups>
      <group name="API Tests">
        <method signature="testCase_API_01.login()[pri:0, instance:qtriptest.APITests.testCase_API_01@3012646b]" name="login" class="qtriptest.APITests.testCase_API_01"/>
        <method signature="testCase_API_02.searchCity()[pri:0, instance:qtriptest.APITests.testCase_API_02@4d154ccd]" name="searchCity" class="qtriptest.APITests.testCase_API_02"/>
        <method signature="testCase_API_03.makeReservation()[pri:0, instance:qtriptest.APITests.testCase_API_03@229c6181]" name="makeReservation" class="qtriptest.APITests.testCase_API_03"/>
        <method signature="testCase_API_04.registerTest()[pri:0, instance:qtriptest.APITests.testCase_API_04@4686afc2]" name="registerTest" class="qtriptest.APITests.testCase_API_04"/>
      </group> <!-- API Tests -->
    </groups>
    <test started-at="2024-02-20T21:12:25 IST" name="Gradle test" finished-at="2024-02-20T21:12:40 IST" duration-ms="15417">
      <class name="qtriptest.APITests.testCase_API_01">
        <test-method signature="login()[pri:0, instance:qtriptest.APITests.testCase_API_01@3012646b]" started-at="2024-02-20T21:12:25 IST" name="login" finished-at="2024-02-20T21:12:32 IST" duration-ms="6840" status="PASS">
          <reporter-output>
          </reporter-output>
        </test-method> <!-- login -->
      </class> <!-- qtriptest.APITests.testCase_API_01 -->
      <class name="qtriptest.APITests.testCase_API_02">
        <test-method signature="searchCity()[pri:0, instance:qtriptest.APITests.testCase_API_02@4d154ccd]" started-at="2024-02-20T21:12:32 IST" name="searchCity" finished-at="2024-02-20T21:12:33 IST" duration-ms="1719" status="PASS">
          <reporter-output>
          </reporter-output>
        </test-method> <!-- searchCity -->
      </class> <!-- qtriptest.APITests.testCase_API_02 -->
      <class name="qtriptest.APITests.testCase_API_03">
        <test-method signature="makeReservation()[pri:0, instance:qtriptest.APITests.testCase_API_03@229c6181]" started-at="2024-02-20T21:12:33 IST" name="makeReservation" finished-at="2024-02-20T21:12:38 IST" duration-ms="4453" status="PASS">
          <reporter-output>
          </reporter-output>
        </test-method> <!-- makeReservation -->
      </class> <!-- qtriptest.APITests.testCase_API_03 -->
      <class name="qtriptest.APITests.testCase_API_04">
        <test-method signature="registerTest()[pri:0, instance:qtriptest.APITests.testCase_API_04@4686afc2]" started-at="2024-02-20T21:12:38 IST" name="registerTest" finished-at="2024-02-20T21:12:40 IST" duration-ms="2305" status="PASS">
          <reporter-output>
          </reporter-output>
        </test-method> <!-- registerTest -->
      </class> <!-- qtriptest.APITests.testCase_API_04 -->
    </test> <!-- Gradle test -->
  </suite> <!-- Gradle suite -->
</testng-results>
